// Jest Snapshot v1, https://goo.gl/fbAQLP

exports[`Note tests matches a snapshot 1`] = `
<article
  className="Note"
>
  <h2>
    Note Title
  </h2>
  <h5>
    by 
    test.user
  </h5>
  <p>
    Note Body
  </p>
  <Link
    replace={false}
    to="/notes/11/edit"
  >
    <FaPen />
  </Link>
</article>
`;
